../Core/Src/main.c:277:6:OutputEnable	8	static
../Core/Src/main.c:281:6:OutputDisable	8	static
../Core/Src/main.c:285:6:LatchEnable	8	static
../Core/Src/main.c:292:6:SendLEDData	24	static
../Core/Src/main.c:299:6:CombineLEDData	24	static
../Core/Src/main.c:307:6:ShiftLEDData	24	static
../Core/Src/main.c:315:6:CombineAndSendNEW	40	static
../Core/Src/main.c:401:9:wrap_platform_read	16	static
../Core/Src/main.c:411:9:wrap_platform_write	16	static
../Core/Src/main.c:420:6:Delay	8	static
../Core/Src/main.c:430:6:Display_char	32	static
../Core/Src/main.c:458:6:Display	32	static
../Core/Src/main.c:521:8:updateMeanAndCenterData	24	static
../Core/Src/main.c:528:8:centerVelocity	24	static
../Core/Src/main.c:537:6:HAL_TIM_PeriodElapsedCallback	24	static
../Core/Src/main.c:565:6:update_motion	88	static
../Core/Src/main.c:631:5:main	120	static
../Core/Src/main.c:748:6:SystemClock_Config	88	static
../Core/Src/main.c:796:13:MX_SPI2_Init	8	static
../Core/Src/main.c:834:13:MX_TIM2_Init	32	static
../Core/Src/main.c:879:13:MX_USART2_UART_Init	8	static
../Core/Src/main.c:912:13:MX_GPIO_Init	48	static
../Core/Src/main.c:965:13:MEMS_Init	56	static
../Core/Src/main.c:1005:6:HAL_GPIO_EXTI_Callback	16	static
../Core/Src/main.c:1012:5:_write	24	static
../Core/Src/main.c:1023:6:Error_Handler	4	static,ignoring_inline_asm
