../Core/Src/main.c:267:6:OutputEnable	8	static
../Core/Src/main.c:271:6:OutputDisable	8	static
../Core/Src/main.c:275:6:LatchEnable	8	static
../Core/Src/main.c:282:6:SendLEDData	24	static
../Core/Src/main.c:289:6:CombineLEDData	24	static
../Core/Src/main.c:297:6:ShiftLEDData	24	static
../Core/Src/main.c:305:6:CombineAndSendNEW	40	static
../Core/Src/main.c:391:9:wrap_platform_read	16	static
../Core/Src/main.c:401:9:wrap_platform_write	16	static
../Core/Src/main.c:410:5:calculateDelay	24	static
../Core/Src/main.c:416:6:Display_char	32	static
../Core/Src/main.c:448:8:updateMeanAndCenterData	24	static
../Core/Src/main.c:455:8:centerVelocity	24	static
../Core/Src/main.c:463:6:process_sensor_data	48	static
../Core/Src/main.c:508:6:switchBuffers	24	static
../Core/Src/main.c:522:6:HAL_TIM_PeriodElapsedCallback	24	static
../Core/Src/main.c:545:6:update_motion	112	static
../Core/Src/main.c:626:5:main	160	static
../Core/Src/main.c:737:6:SystemClock_Config	88	static
../Core/Src/main.c:785:13:MX_SPI2_Init	8	static
../Core/Src/main.c:823:13:MX_TIM2_Init	32	static
../Core/Src/main.c:868:13:MX_USART2_UART_Init	8	static
../Core/Src/main.c:901:13:MX_GPIO_Init	48	static
../Core/Src/main.c:954:13:MEMS_Init	56	static
../Core/Src/main.c:994:6:HAL_GPIO_EXTI_Callback	16	static
../Core/Src/main.c:1001:5:_write	24	static
../Core/Src/main.c:1012:6:Error_Handler	4	static,ignoring_inline_asm
