../Core/Src/main.c:187:6:OutputEnable	8	static
../Core/Src/main.c:191:6:OutputDisable	8	static
../Core/Src/main.c:195:6:LatchEnable	8	static
../Core/Src/main.c:202:6:SendLEDData	24	static
../Core/Src/main.c:209:6:CombineLEDData	24	static
../Core/Src/main.c:217:6:ShiftLEDData	24	static
../Core/Src/main.c:225:6:CombineAndSendNEW	40	static
../Core/Src/main.c:311:9:wrap_platform_read	16	static
../Core/Src/main.c:321:9:wrap_platform_write	16	static
../Core/Src/main.c:336:5:main	32	static
../Core/Src/main.c:412:6:SystemClock_Config	88	static
../Core/Src/main.c:460:13:MX_SPI2_Init	8	static
../Core/Src/main.c:498:13:MX_USART2_UART_Init	8	static
../Core/Src/main.c:531:13:MX_GPIO_Init	48	static
../Core/Src/main.c:584:13:MEMS_Init	48	static
../Core/Src/main.c:619:6:HAL_GPIO_EXTI_Callback	16	static
../Core/Src/main.c:626:5:_write	24	static
../Core/Src/main.c:637:6:Error_Handler	4	static,ignoring_inline_asm
