../Core/Src/main.c:273:6:OutputEnable	8	static
../Core/Src/main.c:277:6:OutputDisable	8	static
../Core/Src/main.c:281:6:LatchEnable	8	static
../Core/Src/main.c:288:6:SendLEDData	24	static
../Core/Src/main.c:295:6:CombineLEDData	24	static
../Core/Src/main.c:303:6:ShiftLEDData	24	static
../Core/Src/main.c:311:6:CombineAndSendNEW	40	static
../Core/Src/main.c:397:9:wrap_platform_read	16	static
../Core/Src/main.c:407:9:wrap_platform_write	16	static
../Core/Src/main.c:416:5:calculateDisplayIndex	48	static
../Core/Src/main.c:436:6:sendDisplayData	24	static
../Core/Src/main.c:442:6:clearDisplayIfNeeded	16	static
../Core/Src/main.c:450:6:Display	32	static
../Core/Src/main.c:471:8:updateMeanAndCenterData	24	static
../Core/Src/main.c:478:8:centerVelocity	24	static
../Core/Src/main.c:485:6:updateBuffer	24	static
../Core/Src/main.c:493:6:HAL_TIM_PeriodElapsedCallback	40	static
../Core/Src/main.c:506:8:calculateAverageAcceleration	24	static
../Core/Src/main.c:511:8:updateAndFilterVelocity	56	static
../Core/Src/main.c:525:8:updateBaseline	32	static
../Core/Src/main.c:534:6:updateVelocityAndDisplacement	56	static
../Core/Src/main.c:541:6:handleZeroCrossings	24	static
../Core/Src/main.c:555:6:update_motion	56	static
../Core/Src/main.c:583:6:Timer_Start	8	static
../Core/Src/main.c:589:10:Timer_Stop	8	static
../Core/Src/main.c:600:5:main	128	static
../Core/Src/main.c:710:6:SystemClock_Config	88	static
../Core/Src/main.c:758:13:MX_SPI2_Init	8	static
../Core/Src/main.c:796:13:MX_TIM2_Init	32	static
../Core/Src/main.c:841:13:MX_TIM10_Init	8	static
../Core/Src/main.c:872:13:MX_USART2_UART_Init	8	static
../Core/Src/main.c:905:13:MX_GPIO_Init	48	static
../Core/Src/main.c:958:13:MEMS_Init	56	static
../Core/Src/main.c:998:6:HAL_GPIO_EXTI_Callback	16	static
../Core/Src/main.c:1005:5:_write	24	static
../Core/Src/main.c:1016:6:Error_Handler	4	static,ignoring_inline_asm
