../Core/Src/main.c:276:6:OutputEnable	8	static
../Core/Src/main.c:280:6:OutputDisable	8	static
../Core/Src/main.c:284:6:LatchEnable	8	static
../Core/Src/main.c:291:6:SendLEDData	24	static
../Core/Src/main.c:298:6:CombineLEDData	24	static
../Core/Src/main.c:306:6:ShiftLEDData	24	static
../Core/Src/main.c:314:6:CombineAndSendNEW	40	static
../Core/Src/main.c:400:9:wrap_platform_read	16	static
../Core/Src/main.c:410:9:wrap_platform_write	16	static
../Core/Src/main.c:419:6:Delay	8	static
../Core/Src/main.c:429:6:Display_char	32	static
../Core/Src/main.c:457:6:Display	24	static
../Core/Src/main.c:513:8:updateMeanAndCenterData	24	static
../Core/Src/main.c:520:8:centerVelocity	24	static
../Core/Src/main.c:529:6:HAL_TIM_PeriodElapsedCallback	24	static
../Core/Src/main.c:557:6:update_motion	88	static
../Core/Src/main.c:623:5:main	152	static
../Core/Src/main.c:737:6:SystemClock_Config	88	static
../Core/Src/main.c:785:13:MX_SPI2_Init	8	static
../Core/Src/main.c:823:13:MX_TIM2_Init	32	static
../Core/Src/main.c:868:13:MX_USART2_UART_Init	8	static
../Core/Src/main.c:901:13:MX_GPIO_Init	48	static
../Core/Src/main.c:954:13:MEMS_Init	56	static
../Core/Src/main.c:994:6:HAL_GPIO_EXTI_Callback	16	static
../Core/Src/main.c:1001:5:_write	24	static
../Core/Src/main.c:1012:6:Error_Handler	4	static,ignoring_inline_asm
