../Core/Src/main.c:269:6:OutputEnable	8	static
../Core/Src/main.c:273:6:OutputDisable	8	static
../Core/Src/main.c:277:6:LatchEnable	8	static
../Core/Src/main.c:284:6:SendLEDData	24	static
../Core/Src/main.c:291:6:CombineLEDData	24	static
../Core/Src/main.c:299:6:ShiftLEDData	24	static
../Core/Src/main.c:307:6:CombineAndSendNEW	40	static
../Core/Src/main.c:393:9:wrap_platform_read	16	static
../Core/Src/main.c:403:9:wrap_platform_write	16	static
../Core/Src/main.c:412:5:calculateDisplayIndex	48	static
../Core/Src/main.c:432:6:sendDisplayData	24	static
../Core/Src/main.c:438:6:clearDisplayIfNeeded	16	static
../Core/Src/main.c:446:6:Display	32	static
../Core/Src/main.c:467:8:updateMeanAndCenterData	24	static
../Core/Src/main.c:474:8:centerVelocity	24	static
../Core/Src/main.c:481:6:updateBuffer	24	static
../Core/Src/main.c:489:6:HAL_TIM_PeriodElapsedCallback	40	static
../Core/Src/main.c:502:8:calculateAverageAcceleration	24	static
../Core/Src/main.c:507:8:updateAndFilterVelocity	56	static
../Core/Src/main.c:521:8:updateBaseline	32	static
../Core/Src/main.c:530:6:updateVelocityAndDisplacement	56	static
../Core/Src/main.c:537:6:handleZeroCrossings	24	static
../Core/Src/main.c:551:6:update_motion	56	static
../Core/Src/main.c:579:6:Timer_Start	8	static
../Core/Src/main.c:585:10:Timer_Stop	8	static
../Core/Src/main.c:596:5:main	128	static
../Core/Src/main.c:705:6:SystemClock_Config	88	static
../Core/Src/main.c:753:13:MX_SPI2_Init	8	static
../Core/Src/main.c:791:13:MX_TIM2_Init	32	static
../Core/Src/main.c:836:13:MX_TIM10_Init	8	static
../Core/Src/main.c:867:13:MX_USART2_UART_Init	8	static
../Core/Src/main.c:900:13:MX_GPIO_Init	48	static
../Core/Src/main.c:953:13:MEMS_Init	56	static
../Core/Src/main.c:993:6:HAL_GPIO_EXTI_Callback	16	static
../Core/Src/main.c:1000:5:_write	24	static
../Core/Src/main.c:1011:6:Error_Handler	4	static,ignoring_inline_asm
