../Core/Src/main.c:260:6:OutputEnable	8	static
../Core/Src/main.c:264:6:OutputDisable	8	static
../Core/Src/main.c:268:6:LatchEnable	8	static
../Core/Src/main.c:275:6:SendLEDData	24	static
../Core/Src/main.c:282:6:CombineLEDData	24	static
../Core/Src/main.c:290:6:ShiftLEDData	24	static
../Core/Src/main.c:298:6:CombineAndSendNEW	40	static
../Core/Src/main.c:384:9:wrap_platform_read	16	static
../Core/Src/main.c:394:9:wrap_platform_write	16	static
../Core/Src/main.c:403:5:calculateDelay	24	static
../Core/Src/main.c:409:6:Display_char	32	static
../Core/Src/main.c:441:8:updateMeanAndCenterData	24	static
../Core/Src/main.c:448:8:centerVelocity	24	static
../Core/Src/main.c:456:6:process_sensor_data	48	static
../Core/Src/main.c:501:6:switchBuffers	24	static
../Core/Src/main.c:515:6:HAL_TIM_PeriodElapsedCallback	24	static
../Core/Src/main.c:538:6:update_motion	88	static
../Core/Src/main.c:593:5:main	192	static
../Core/Src/main.c:701:6:SystemClock_Config	88	static
../Core/Src/main.c:749:13:MX_SPI2_Init	8	static
../Core/Src/main.c:787:13:MX_TIM2_Init	32	static
../Core/Src/main.c:832:13:MX_USART2_UART_Init	8	static
../Core/Src/main.c:865:13:MX_GPIO_Init	48	static
../Core/Src/main.c:918:13:MEMS_Init	56	static
../Core/Src/main.c:958:6:HAL_GPIO_EXTI_Callback	16	static
../Core/Src/main.c:965:5:_write	24	static
../Core/Src/main.c:976:6:Error_Handler	4	static,ignoring_inline_asm
