../Core/Src/main.c:194:6:OutputEnable	8	static
../Core/Src/main.c:198:6:OutputDisable	8	static
../Core/Src/main.c:202:6:LatchEnable	8	static
../Core/Src/main.c:209:6:SendLEDData	24	static
../Core/Src/main.c:216:6:CombineLEDData	24	static
../Core/Src/main.c:224:6:ShiftLEDData	24	static
../Core/Src/main.c:232:6:CombineAndSendNEW	40	static
../Core/Src/main.c:318:9:wrap_platform_read	16	static
../Core/Src/main.c:328:9:wrap_platform_write	16	static
../Core/Src/main.c:337:5:calculateDelay	24	static
../Core/Src/main.c:343:6:Display_char	32	static
../Core/Src/main.c:385:5:main	24	static
../Core/Src/main.c:464:6:SystemClock_Config	88	static
../Core/Src/main.c:512:13:MX_SPI2_Init	8	static
../Core/Src/main.c:550:13:MX_USART2_UART_Init	8	static
../Core/Src/main.c:583:13:MX_GPIO_Init	48	static
../Core/Src/main.c:636:13:MEMS_Init	48	static
../Core/Src/main.c:671:6:HAL_GPIO_EXTI_Callback	16	static
../Core/Src/main.c:678:5:_write	24	static
../Core/Src/main.c:689:6:Error_Handler	4	static,ignoring_inline_asm
