../Core/Src/main.c:248:6:OutputEnable	8	static
../Core/Src/main.c:252:6:OutputDisable	8	static
../Core/Src/main.c:256:6:LatchEnable	8	static
../Core/Src/main.c:263:6:SendLEDData	24	static
../Core/Src/main.c:270:6:CombineLEDData	24	static
../Core/Src/main.c:278:6:ShiftLEDData	24	static
../Core/Src/main.c:286:6:CombineAndSendNEW	40	static
../Core/Src/main.c:372:9:wrap_platform_read	16	static
../Core/Src/main.c:382:9:wrap_platform_write	16	static
../Core/Src/main.c:391:5:calculateDelay	24	static
../Core/Src/main.c:397:6:Display_char	32	static
../Core/Src/main.c:429:8:updateMeanAndCenterData	24	static
../Core/Src/main.c:437:6:process_sensor_data	48	static
../Core/Src/main.c:482:6:switchBuffers	24	static
../Core/Src/main.c:495:6:HAL_TIM_PeriodElapsedCallback	24	static
../Core/Src/main.c:526:5:main	160	static
../Core/Src/main.c:631:6:SystemClock_Config	88	static
../Core/Src/main.c:679:13:MX_SPI2_Init	8	static
../Core/Src/main.c:717:13:MX_TIM2_Init	32	static
../Core/Src/main.c:762:13:MX_USART2_UART_Init	8	static
../Core/Src/main.c:795:13:MX_GPIO_Init	48	static
../Core/Src/main.c:848:13:MEMS_Init	56	static
../Core/Src/main.c:888:6:HAL_GPIO_EXTI_Callback	16	static
../Core/Src/main.c:895:5:_write	24	static
../Core/Src/main.c:906:6:Error_Handler	4	static,ignoring_inline_asm
